1B	1	11	HO	Y	Y			10 Oak St	Apt 2			City One	GA	30001	C1	Clarke	USA	D1	P1		
1B	2	22	BU		Y	CEO	Org	20 Pine Rd				City Two	GA	30002	C2	Clarke	USA	D2	P2	Y	
1B	3	33	HO	Y	Y			30 Elm Ave				City Three	GA	30003	C3	Clarke	USA	D3	P3		