2A	1	1001	LETTER	Staffer_1	20220110	20220110		20220110	LETTER	11	Y	111
2A	2	2002	EMAIL	Staffer_2	20220220	20220220		20220220	EMAIL	22		
2A	3	3003	EMAIL	Staffer_3	20220330	20220330		20220330	EMAIL	33		