2B	1	1001	TAXES	CON
2B	2	2002	MINWAGE	PRO
2B	3	3003	RIGHTS	PRO