2C	1	1001	1	main	taxes_con.docx	
2C	2	2002	1	main	min_wage_pro.docx	
2C	3	3003	1	main	rights_pro.docx	