2D	1	1001	1	CM	text1
2D	2	2002	1	CM	text2
2D	2	3003	1	CM	text3