8A	COR	15001	Advocacy	Y
8A	COR	15002	Congress > CON	
8A	COR	15003	Science, Technology, Communications > SCI Aligned	Y