2B	1	1001	11111	CON
2B	2	2002	22222	PRO
2B	3	3003	33333	PRO
2B	4	4004	33333	PRO
2B	5	5005	33333	PRO
