2C	1	1001	1	main	legal_con.docx	
2C	2	2002	1	main	min_wage_pro.docx	
2C	3	3003	1	main	rights_pro.docx	
2C	4	4004	1	main	rights_pro.docx	
2C	5	5005	1	main	rights_pro.docx	
