2D	1	1001	1	CM	note text 1
2D	2	2002	1	CM	note text 2
2D	3	3003	1	CM	note text 3
2D	4	4004	1	CM	note text 4
2D	5	5005	1	CM	note text 5