8A	COR	11111	LEGAL CASE	Y
8A	COR	22222	MINWAGE	Y
8A	COR	33333	RIGHTS	Y
