2B	1	1001	TAXES	CON
2B	2	2002	MINWAGE	PRO
2B	3	3003	RIGHTS	PRO
2B	4	4004	RIGHTS	PRO
2B	5	5005	RIGHTS	PRO
