2D	1	1001	1	CM	note text 1
2D	2	2002	1	CM	Letter of Recommendation
2D	3	3003	1	CM	CASEWORK
2D	4	4004	1	CM	Add to case file
2D	5	5005	1	CM	Recommendation for legislation