Metadata folder without any of the required metadata files.